// Jest Snapshot v1, https://goo.gl/fbAQLP

exports[`Test ILabel component on the self's props should have the props class 1`] = `
initialize {
  "0": Node {
    "attribs": Object {
      "class": "ii-ui-label ii-ui-label-dot ii-ui-label-dot-warning",
    },
    "children": Array [
      Node {
        "data": "排队中",
        "next": null,
        "parent": [Circular],
        "prev": null,
        "type": "text",
      },
    ],
    "name": "div",
    "namespace": "http://www.w3.org/1999/xhtml",
    "next": null,
    "parent": Node {
      "children": Array [
        [Circular],
      ],
      "name": "root",
      "next": null,
      "parent": null,
      "prev": null,
      "type": "root",
    },
    "prev": null,
    "type": "tag",
    "x-attribsNamespace": Object {
      "class": undefined,
    },
    "x-attribsPrefix": Object {
      "class": undefined,
    },
  },
  "_root": [Circular],
  "length": 1,
  "options": Object {
    "decodeEntities": true,
    "xml": false,
  },
}
`;
